// Jest Snapshot v1, https://goo.gl/fbAQLP

exports[`About.js renders correctly 1`] = `ShallowWrapper {}`;
